[
    "PYSPARK_PYTHON=python3.7",
    "spark-submit",
    "--master",
    "yarn",
    "--conf",
    "spark.dynamicAllocation.maxExecutors=10",
    "--conf",
    "spark.executorEnv.https_proxy=http://webproxy.eqiad.wmnet:8080",
    "--conf",
    "spark.yarn.maxAppAttempts=1",
    "--conf",
    "spark.yarn.appMasterEnv.https_proxy=http://webproxy.eqiad.wmnet:8080",
    "--py-files",
    "/srv/deployment/wikimedia/discovery/analytics/spark/wmf_spark.py",
    "--name",
    "airflow-spark",
    "--queue",
    "root.default",
    "/srv/deployment/wikimedia/discovery/analytics/spark/fetch_cirrussearch_namespace_map.py",
    "--canonical-wikis-partition",
    "canonical_data.wikis/",
    "--output-partition",
    "discovery.cirrus_namespace_index_map/"
]