[
    "PYSPARK_PYTHON=python3.7",
    "spark-submit",
    "--master",
    "yarn",
    "--conf",
    "spark.dynamicAllocation.maxExecutors=200",
    "--conf",
    "spark.executorEnv.REQUESTS_CA_BUNDLE=/etc/ssl/certs/ca-certificates.crt",
    "--conf",
    "spark.yarn.maxAppAttempts=1",
    "--conf",
    "spark.yarn.appMasterEnv.REQUESTS_CA_BUNDLE=/etc/ssl/certs/ca-certificates.crt",
    "--py-files",
    "/srv/deployment/wikimedia/discovery/analytics/spark/wmf_spark.py",
    "--name",
    "airflow: fulltext_head_queries - 2021-01-01",
    "--queue",
    "root.default",
    "/srv/deployment/wikimedia/discovery/analytics/spark/fulltext_head_queries.py",
    "--search-satisfaction-partition",
    "event.searchsatisfaction/",
    "--num-queries",
    "10000",
    "--output-partition",
    "discovery.fulltext_head_queries/date=20210101"
]