[
    "spark-submit",
    "--master",
    "yarn",
    "--conf",
    "spark.dynamicAllocation.maxExecutors=70",
    "--conf",
    "spark.sql.executor.memoryOverhead=640M",
    "--conf",
    "spark.sql.shuffle.partitions=200",
    "--conf",
    "spark.sql.shuffle.service.enabled=true",
    "--conf",
    "spark.yarn.maxAppAttempts=1",
    "--executor-cores",
    "3",
    "--executor-memory",
    "6G",
    "--driver-memory",
    "1G",
    "--name",
    "[Search Airflow Job] Glent Weekly: Merge Session Similarity",
    "--queue",
    "root.default",
    "/srv/deployment/wikimedia/discovery/analytics/artifacts/glent-latest-jar-with-dependencies.jar",
    "m0prep",
    "--wmf-log-name",
    "event.mediawiki_cirrussearch_request",
    "--log-ts-from",
    "2020-04-25T00:00:00Z",
    "--log-ts-to",
    "2020-05-02T00:00:00Z",
    "--max-n-queries-per-ident",
    "2000",
    "--map-wikiid-to-lang-name",
    "canonical_data.wikis",
    "--input-table",
    "glent.m0prep",
    "--input-partition",
    "20200425",
    "--max-edit-dist-sugg",
    "3",
    "--max-norm-edit-dist",
    "1.5",
    "--min-hits-diff",
    "100",
    "--min-hits-perc-diff",
    "10",
    "--output-table",
    "glent.m0prep",
    "--output-partition",
    "20200502",
    "--max-output-partitions",
    "5",
    "--query-normalizer",
    "icutoknorm"
]