[
    "spark-submit",
    "--master",
    "yarn",
    "--conf",
    "spark.driver.maxResultSize=4096M",
    "--conf",
    "spark.dynamicAllocation.maxExecutors=50",
    "--conf",
    "spark.yarn.maxAppAttempts=1",
    "--executor-cores",
    "16",
    "--executor-memory",
    "16G",
    "--driver-memory",
    "32G",
    "--name",
    "airflow-spark",
    "--queue",
    "root.default",
    "/path/to/wikimedia/discovery/analytics/repo/artifacts/glent-0.1.1-jar-with-dependencies.jar",
    "m1run.candidates",
    "--input-table",
    "glent.m1prep",
    "--input-partition",
    "20380124",
    "--output-directory",
    "hdfs://analytics-hadoop/tmp//glent_similar_queries_weekly_2038-01-17",
    "--num-fst",
    "1"
]