[
    "spark-submit",
    "--master",
    "yarn",
    "--conf",
    "spark.dynamicAllocation.maxExecutors=25",
    "--conf",
    "spark.yarn.maxAppAttempts=1",
    "--executor-cores",
    "8",
    "--executor-memory",
    "16g",
    "--driver-memory",
    "2g",
    "--name",
    "airflow-spark",
    "--class",
    "org.wikidata.query.rdf.spark.EntityRevisionMapGenerator",
    "--queue",
    "root.default",
    "/srv/deployment/wikimedia/discovery/analytics/artifacts/rdf-spark-tools-latest-jar-with-dependencies.jar",
    "--input-table",
    "discovery.wikidata_rdf/date=20380120",
    "--output-path",
    "hdfs://analytics-hadoop/wmf/data/discovery/wdqs/entity_revision_map/20380120/rev_map.csv"
]