[
    "spark-submit",
    "--master",
    "yarn",
    "--conf",
    "spark.dynamicAllocation.maxExecutors=25",
    "--conf",
    "spark.yarn.maxAppAttempts=1",
    "--executor-cores",
    "8",
    "--executor-memory",
    "16g",
    "--driver-memory",
    "2g",
    "--name",
    "[Search Airflow Job] Import Commons Ttl: Munge Dumps",
    "--class",
    "org.wikidata.query.rdf.spark.WikibaseRDFDumpConverter",
    "--queue",
    "root.default",
    "/srv/deployment/wikimedia/discovery/analytics/artifacts/rdf-spark-tools-latest-jar-with-dependencies.jar",
    "--input-path",
    "hdfs://analytics-hadoop/wmf/data/raw/commons/dumps/mediainfo-ttl/20210221/commons-20210221-mediainfo.ttl.bz2,",
    "--output-table",
    "discovery.wikibase_rdf/date=20210221/wiki=commons",
    "--skolemize",
    "--site",
    "commons"
]