[
    "spark-submit",
    "--master",
    "yarn",
    "--conf",
    "spark.dynamicAllocation.maxExecutors=25",
    "--conf",
    "spark.yarn.maxAppAttempts=1",
    "--executor-cores",
    "8",
    "--executor-memory",
    "16g",
    "--driver-memory",
    "2g",
    "--name",
    "[Search Airflow Job] Import Wikidata Ttl: Munge Dumps",
    "--class",
    "org.wikidata.query.rdf.spark.transform.structureddata.dumps.WikibaseRDFDumpConverter",
    "--queue",
    "root.default",
    "/srv/deployment/wikimedia/discovery/analytics/artifacts/rdf-spark-tools-latest-jar-with-dependencies.jar",
    "--input-path",
    "hdfs://analytics-hadoop/wmf/data/raw/wikidata/dumps/all_ttl/20210222/wikidata-20210222-all-BETA.ttl.bz2,hdfs://analytics-hadoop/wmf/data/raw/wikidata/dumps/lexemes_ttl/20210219/wikidata-20210219-lexemes-BETA.ttl.bz2",
    "--output-table",
    "discovery.wikibase_rdf/date=20210222/wiki=wikidata",
    "--skolemize",
    "--site",
    "wikidata"
]