[
    "spark-submit",
    "--master",
    "yarn",
    "--conf",
    "spark.dynamicAllocation.maxExecutors=25",
    "--conf",
    "spark.yarn.maxAppAttempts=1",
    "--executor-cores",
    "8",
    "--executor-memory",
    "16g",
    "--driver-memory",
    "2g",
    "--name",
    "[Search Airflow Job] Import Commons Ttl: Gen Rev Map",
    "--class",
    "org.wikidata.query.rdf.spark.transform.structureddata.dumps.EntityRevisionMapGenerator",
    "/srv/deployment/wikimedia/discovery/analytics/artifacts/rdf-spark-tools-latest-jar-with-dependencies.jar",
    "--input-table",
    "discovery.wikibase_rdf/date=20210221/wiki=commons",
    "--output-path",
    "hdfs://analytics-hadoop/wmf/data/discovery/wcqs/entity_revision_map/20210221/rev_map.csv",
    "--uris-scheme",
    "commons",
    "--hostname",
    "commons.wikimedia.org"
]