[
    "PYSPARK_PYTHON=python3.7",
    "spark-submit",
    "--master",
    "yarn",
    "--conf",
    "spark.dynamicAllocation.maxExecutors=200",
    "--conf",
    "spark.executor.memoryOverhead=768M",
    "--conf",
    "spark.executorEnv.REQUESTS_CA_BUNDLE=/etc/ssl/certs/ca-certificates.crt",
    "--conf",
    "spark.locality.wait=0",
    "--conf",
    "spark.reducer.maxReqsInFlight=1",
    "--conf",
    "spark.shuffle.io.retryWait=120s",
    "--conf",
    "spark.yarn.maxAppAttempts=1",
    "--conf",
    "spark.yarn.appMasterEnv.REQUESTS_CA_BUNDLE=/etc/ssl/certs/ca-certificates.crt",
    "--py-files",
    "/srv/deployment/wikimedia/discovery/analytics/spark/wmf_spark.py",
    "--executor-cores",
    "1",
    "--driver-memory",
    "4g",
    "--name",
    "[Search Airflow Job] Incoming Links Weekly: Generate Incoming Link Counts",
    "--queue",
    "root.default",
    "/srv/deployment/wikimedia/discovery/analytics/spark/incoming_links.py",
    "--cirrus-dump",
    "discovery.cirrus_index/snapshot=20221113",
    "--output-partition",
    "discovery.incoming_links_update/snapshot=20221113"
]