[
    "PYSPARK_PYTHON=python3.7",
    "spark-submit",
    "--master",
    "yarn",
    "--conf",
    "spark.dynamicAllocation.maxExecutors=20",
    "--conf",
    "spark.executorEnv.REQUESTS_CA_BUNDLE=/etc/ssl/certs/ca-certificates.crt",
    "--conf",
    "spark.yarn.maxAppAttempts=1",
    "--conf",
    "spark.yarn.appMasterEnv.REQUESTS_CA_BUNDLE=/etc/ssl/certs/ca-certificates.crt",
    "--py-files",
    "/srv/deployment/wikimedia/discovery/analytics/spark/wmf_spark.py",
    "--name",
    "[Search Airflow Job] Mediawiki Revision Recommendation Create Hourly: Extract Recommendations",
    "--queue",
    "root.default",
    "/srv/deployment/wikimedia/discovery/analytics/spark/prepare_recommendation_create.py",
    "--input-partition",
    "event.mediawiki_revision_recommendation_create/year=2020/month=1/day=8/hour=0",
    "--output-partition",
    "discovery.mediawiki_revision_recommendation_create/year=2020/month=1/day=8/hour=0"
]