[
    "PYSPARK_PYTHON=python3.7",
    "spark-submit",
    "--master",
    "yarn",
    "--conf",
    "spark.dynamicAllocation.maxExecutors=50",
    "--conf",
    "spark.sql.shuffle.partitions=20",
    "--conf",
    "spark.yarn.maxAppAttempts=1",
    "--name",
    "airflow-spark",
    "--queue",
    "root.default",
    "/srv/deployment/wikimedia/discovery/analytics/spark/generate_daily_search_satisfaction.py",
    "--cirrus-table",
    "event.mediawiki_cirrussearch_request",
    "--satisfaction-table",
    "event.SearchSatisfaction",
    "--output-table",
    "discovery.search_satisfaction_daily",
    "--year",
    "2038",
    "--month",
    "01",
    "--day",
    "17"
]