[
    "PYSPARK_PYTHON=python3.7",
    "spark-submit",
    "--master",
    "yarn",
    "--conf",
    "spark.dynamicAllocation.maxExecutors=200",
    "--conf",
    "spark.yarn.maxAppAttempts=1",
    "--name",
    "airflow-spark",
    "--queue",
    "root.default",
    "/srv/deployment/wikimedia/discovery/analytics/spark/generate_daily_druid_search_satisfaction.py",
    "--source-table",
    "discovery.search_satisfaction_daily",
    "--destination-directory",
    "hdfs://analytics-hadoop/tmp/search_satisfaction_daily_2038-01-17",
    "--year",
    "2038",
    "--month",
    "01",
    "--day",
    "17"
]