[
    "PYSPARK_PYTHON=python3.7",
    "spark-submit",
    "--master",
    "yarn",
    "--conf",
    "spark.dynamicAllocation.maxExecutors=200",
    "--conf",
    "spark.hadoop.fs.permissions.umask-mode=022",
    "--conf",
    "spark.yarn.maxAppAttempts=1",
    "--py-files",
    "/srv/deployment/wikimedia/discovery/analytics/spark/wmf_spark.py",
    "--name",
    "airflow-spark",
    "--queue",
    "root.default",
    "/srv/deployment/wikimedia/discovery/analytics/spark/generate_daily_druid_search_satisfaction.py",
    "--source-partition",
    "discovery.search_satisfaction_daily/",
    "--destination-directory",
    "hdfs://analytics-hadoop/tmp/search_satisfaction_daily_2021-01-26"
]