[
    "PYSPARK_PYTHON=python3.7",
    "spark-submit",
    "--master",
    "yarn",
    "--conf",
    "spark.dynamicAllocation.maxExecutors=50",
    "--conf",
    "spark.sql.shuffle.partitions=20",
    "--conf",
    "spark.yarn.maxAppAttempts=1",
    "--py-files",
    "/srv/deployment/wikimedia/discovery/analytics/spark/wmf_spark.py",
    "--name",
    "airflow-spark",
    "--queue",
    "root.default",
    "/srv/deployment/wikimedia/discovery/analytics/spark/generate_daily_search_satisfaction.py",
    "--cirrus-partition",
    "event.mediawiki_cirrussearch_request/year=2038/month=01/day=17",
    "--satisfaction-partition",
    "event.SearchSatisfaction/year=2038/month=01/day=17",
    "--output-partition",
    "discovery.search_satisfaction_daily/year=2038/month=01/day=17"
]