[
    "spark-submit",
    "--master",
    "yarn",
    "--conf",
    "spark.dynamicAllocation.maxExecutors=64",
    "--conf",
    "spark.yarn.maxAppAttempts=1",
    "--executor-cores",
    "4",
    "--executor-memory",
    "8g",
    "--driver-memory",
    "8g",
    "--name",
    "[Search Airflow Job] Subgraph Mapping Weekly: Map Subgraphs",
    "--class",
    "org.wikidata.query.rdf.spark.transform.structureddata.subgraphs.SubgraphMappingLauncher",
    "--queue",
    "root.default",
    "/srv/deployment/wikimedia/discovery/analytics/artifacts/rdf-spark-tools-latest-jar-with-dependencies.jar",
    "--wikidata-table",
    "discovery.wikibase_rdf/date=20220620/wiki=wikidata",
    "--all-subgraphs-table",
    "discovery.all_subgraphs/snapshot=20220620/wiki=wikidata",
    "--top-subgraph-items-table",
    "discovery.top_subgraph_items/snapshot=20220620/wiki=wikidata",
    "--top-subgraph-triples-table",
    "discovery.top_subgraph_triples/snapshot=20220620/wiki=wikidata",
    "--min-items",
    "10000"
]