[
    "spark-submit",
    "--master",
    "yarn",
    "--conf",
    "spark.dynamicAllocation.maxExecutors=64",
    "--conf",
    "spark.yarn.maxAppAttempts=1",
    "--executor-cores",
    "4",
    "--executor-memory",
    "8g",
    "--driver-memory",
    "8g",
    "--name",
    "[Search Airflow Job] Subgraph Query Metrics Daily: Extract Subgraph Pair Query Metrics",
    "--class",
    "org.wikidata.query.rdf.spark.metrics.SubgraphMetricsLauncher",
    "/srv/deployment/wikimedia/discovery/analytics/artifacts/rdf-spark-tools-latest-jar-with-dependencies.jar",
    "subgraph-pair-query-metrics",
    "--subgraph-query-table",
    "discovery.subgraph_queries/year=2022/month=7/day=1/wiki=wikidata",
    "--subgraph-pair-query-metrics-table",
    "discovery.subgraph_pair_query_metrics/year=2022/month=7/day=1/wiki=wikidata"
]