[
    "spark-submit",
    "--master",
    "yarn",
    "--conf",
    "spark.dynamicAllocation.maxExecutors=128",
    "--conf",
    "spark.sql.shuffle.partitions=2048",
    "--conf",
    "spark.yarn.maxAppAttempts=1",
    "--executor-cores",
    "4",
    "--executor-memory",
    "12g",
    "--driver-memory",
    "8g",
    "--name",
    "[Search Airflow Job] Subgraph Query Mapping Daily: Map Subgraphs Queries",
    "--class",
    "org.wikidata.query.rdf.spark.transform.queries.subgraphsqueries.SubgraphQueryMappingLauncher",
    "--queue",
    "root.default",
    "/srv/deployment/wikimedia/discovery/analytics/artifacts/rdf-spark-tools-latest-jar-with-dependencies.jar",
    "--wikidata-table",
    "discovery.wikibase_rdf/date=20220620/wiki=wikidata",
    "--top-subgraph-items-table",
    "discovery.top_subgraph_items/snapshot=20220620/wiki=wikidata",
    "--top-subgraph-triples-table",
    "discovery.top_subgraph_triples/snapshot=20220620/wiki=wikidata",
    "--processed-query-table",
    "discovery.processed_external_sparql_query/year=2022/month=7/day=1/wiki=wikidata",
    "--subgraph-qitem-match-query-table",
    "discovery.subgraph_qitems_match/year=2022/month=7/day=1/wiki=wikidata",
    "--subgraph-predicate-match-query-table",
    "discovery.subgraph_predicates_match/year=2022/month=7/day=1/wiki=wikidata",
    "--subgraph-uri-match-query-table",
    "discovery.subgraph_uri_match/year=2022/month=7/day=1/wiki=wikidata",
    "--subgraph-query-mapping-table",
    "discovery.subgraph_queries/year=2022/month=7/day=1/wiki=wikidata",
    "--filtering-limit",
    "99"
]