[
    "PYSPARK_PYTHON=python3.7",
    "spark-submit",
    "--master",
    "yarn",
    "--conf",
    "spark.dynamicAllocation.maxExecutors=25",
    "--conf",
    "spark.yarn.maxAppAttempts=1",
    "--py-files",
    "/srv/deployment/wikimedia/discovery/analytics/spark/wmf_spark.py",
    "--name",
    "airflow-spark",
    "--queue",
    "root.default",
    "/srv/deployment/wikimedia/discovery/analytics/spark/convert_to_esbulk.py",
    "--config",
    "weekly",
    "--namespace-map-table",
    "discovery.cirrus_namespace_index_map",
    "--output",
    "hdfs:///wmf/data/discovery/transfer_to_es/date=20380117/freq=weekly",
    "--datetime",
    "2038-01-17T03:00"
]