[
    "spark-submit",
    "--master",
    "yarn",
    "--conf",
    "spark.dynamicAllocation.executorIdleTimeout=180s",
    "--conf",
    "spark.dynamicAllocation.maxExecutors=75",
    "--conf",
    "spark.executor.cores=6",
    "--conf",
    "spark.executor.memory=2g",
    "--conf",
    "spark.executor.memoryOverhead=526",
    "--conf",
    "spark.jars.ivySettings=/etc/maven/ivysettings.xml",
    "--conf",
    "spark.pyspark.python=mjolnir_venv/bin/python",
    "--conf",
    "spark.sql.shuffle.partitions=1000",
    "--conf",
    "spark.task.cpus=6",
    "--conf",
    "spark.yarn.maxAppAttempts=1",
    "--archives",
    "hdfs://analytics-hadoop/user/ebernhardson/mjolnir_venv.zip#mjolnir_venv",
    "--jars",
    "hdfs://analytics-hadoop/wmf/refinery/current/artifacts/refinery-hive.jar",
    "--packages",
    "org.wikimedia.search:mjolnir:0.5-SNAPSHOT",
    "--driver-memory",
    "3g",
    "--name",
    "mjolnir-hyperparam-kowiki-dbn-20180215-query_explorer-pruned_mrmr-20191015-spark",
    "--queue",
    "root.default",
    "hdfs://analytics-hadoop/user/ebernhardson/discovery-analytics/current/spark/mjolnir-utilities.py",
    "hyperparam",
    "--date",
    "20191015",
    "--output-path",
    "hdfs://pytest/path/to/output",
    "--final-num-trees",
    "500",
    "--initial-num-trees",
    "100",
    "--iterations",
    "150",
    "--num-cv-jobs",
    "75",
    "--output-table",
    "mjolnir.model_parameters",
    "--training-files-path",
    "hdfs://path/to/training_files"
]