[
    "spark-submit",
    "--master",
    "yarn",
    "--conf",
    "spark.dynamicAllocation.maxExecutors=112",
    "--conf",
    "spark.executor.cores=4",
    "--conf",
    "spark.executor.memory=6g",
    "--conf",
    "spark.jars.ivy=/tmp/airflow_ivy2",
    "--conf",
    "spark.jars.ivySettings=/etc/maven/ivysettings.xml",
    "--conf",
    "spark.pyspark.python=mjolnir_venv/bin/python",
    "--conf",
    "spark.sql.shuffle.partitions=5000",
    "--conf",
    "spark.yarn.maxAppAttempts=1",
    "--archives",
    "hdfs://analytics-hadoop/user/ebernhardson/mjolnir_venv.zip#mjolnir_venv",
    "--jars",
    "hdfs://analytics-hadoop/wmf/refinery/current/artifacts/refinery-hive.jar",
    "--packages",
    "org.wikimedia.search:mjolnir:0.7",
    "--driver-memory",
    "2g",
    "--name",
    "mjolnir-dbn-norm_query-20200108-spark",
    "--queue",
    "root.default",
    "/srv/deployment/wikimedia/discovery/analytics/spark/mjolnir-utilities.py",
    "dbn",
    "--date",
    "20200108",
    "--output-path",
    "hdfs://pytest/path/to/mjolnir/labeled_query_page/date=20200108/algorithm=dbn",
    "--clicks-table",
    "mjolnir.query_clicks_ltr",
    "--clustering-algo",
    "norm_query",
    "--clustering-table",
    "mjolnir.query_clustering",
    "--output-table",
    "mjolnir.labeled_query_page"
]