[
    "spark-submit",
    "--master",
    "yarn",
    "--conf",
    "spark.dynamicAllocation.executorIdleTimeout=180s",
    "--conf",
    "spark.dynamicAllocation.maxExecutors=75",
    "--conf",
    "spark.executor.cores=6",
    "--conf",
    "spark.executor.memory=2g",
    "--conf",
    "spark.executor.memoryOverhead=526",
    "--conf",
    "spark.jars.ivy=/tmp/airflow_ivy2",
    "--conf",
    "spark.jars.ivySettings=/etc/maven/ivysettings.xml",
    "--conf",
    "spark.pyspark.python=mjolnir_venv/bin/python",
    "--conf",
    "spark.sql.shuffle.partitions=1000",
    "--conf",
    "spark.task.cpus=6",
    "--conf",
    "spark.yarn.maxAppAttempts=1",
    "--archives",
    "hdfs://analytics-hadoop/user/ebernhardson/mjolnir_venv.zip#mjolnir_venv",
    "--jars",
    "hdfs://analytics-hadoop/wmf/refinery/current/artifacts/refinery-hive.jar",
    "--packages",
    "org.wikimedia.search:mjolnir:0.7",
    "--driver-memory",
    "3g",
    "--name",
    "mjolnir-hyperparam-fawiki-dbn-20180215-query_explorer-pruned_mrmr-20200108-spark",
    "--queue",
    "root.default",
    "/srv/deployment/wikimedia/discovery/analytics/spark/mjolnir-utilities.py",
    "hyperparam",
    "--date",
    "20200108",
    "--output-path",
    "hdfs://pytest/path/to/mjolnir/model_parameters/date=20200108/wikiid=fawiki/labeling_algorithm=dbn/feature_set=20180215-query_explorer-pruned_mrmr",
    "--final-num-trees",
    "500",
    "--initial-num-trees",
    "100",
    "--iterations",
    "150",
    "--num-cv-jobs",
    "75",
    "--output-table",
    "mjolnir.model_parameters",
    "--training-files-path",
    "hdfs://analytics-hadoop/wmf/data/discovery/mjolnir/training_files/date=20200108/wikiid=fawiki/labeling_algorithm=dbn/feature_set=20180215-query_explorer-pruned_mrmr"
]