[
    "spark-submit",
    "--master",
    "yarn",
    "--files",
    "hdfs://analytics-hadoop/user/analytics/swift_auth_analytics_admin.env#swift_auth.env",
    "--name",
    "default-name",
    "--queue",
    "root.default",
    "hdfs://analytics-hadoop/wmf/refinery/current/oozie/util/swift/upload/swift_upload.py",
    "--upload-user",
    "discovery-analytics",
    "--swift-overwrite",
    "true",
    "--swift-delete-after",
    "2592000",
    "--swift-auto-version",
    "true",
    "--swift-object-prefix",
    "upload-zhwiki-dbn-20180215-query_explorer-pruned_mrmr",
    "--event-per-object",
    "false",
    "--event-stream",
    "swift.search_mjolnir_model.upload-complete",
    "--event-service-url",
    "http://eventgate-analytics.svc.eqiad.wmnet:31192/v1/events",
    "swift_auth.env",
    "search_mjolnir_model",
    "{{ task_instance.xcom_pull(task_ids='train-zhwiki-dbn-20180215-query_explorer-pruned_mrmr', key='output-path') }}"
]