[
    [
        [
            "datacenter",
            "eqiad"
        ],
        [
            "year",
            null
        ],
        [
            "month",
            null
        ],
        [
            "day",
            null
        ],
        [
            "hour",
            null
        ]
    ],
    [
        [
            "datacenter",
            "codfw"
        ],
        [
            "year",
            null
        ],
        [
            "month",
            null
        ],
        [
            "day",
            null
        ],
        [
            "hour",
            null
        ]
    ]
]