{
    "acls": {
        "enable": false,
        "modify_groups": [],
        "modify_users": [],
        "ui_users": [],
        "view_groups": [],
        "view_users": []
    },
    "file_systems": [],
    "master": {
        "env": {},
        "files": {
            "swift_auth.env": {
                "size": 0,
                "source": "hdfs://analytics-hadoop/user/analytics/swift_auth_analytics_admin.env",
                "timestamp": 0,
                "type": "FILE",
                "visibility": "APPLICATION"
            },
            "swift_upload.py": {
                "size": 0,
                "source": "hdfs://analytics-hadoop/wmf/refinery/current/oozie/util/swift/upload/swift_upload.py",
                "timestamp": 0,
                "type": "FILE",
                "visibility": "APPLICATION"
            }
        },
        "log_level": "INFO",
        "resources": {
            "fpgas": 0,
            "gpus": 0,
            "memory": 1024,
            "vcores": 1
        },
        "script": "python3 swift_upload.py --swift-overwrite true --swift-delete-after 2592000 --swift-auto-version false --swift-object-prefix '{{ ds_nodash }}' --event-per-object true --event-stream swift.search_popularity_score.upload-complete --event-service-url http://eventgate-analytics.svc.eqiad.wmnet:31192/v1/events swift_auth.env search_popularity_score 'hdfs://analytics-hadoop/wmf/data/discovery/popularity_score_esbulk/{{ ds_nodash }}'"
    },
    "max_attempts": 1,
    "name": "upload_to_swift",
    "node_label": "",
    "queue": "default",
    "services": {},
    "tags": [],
    "user": ""
}