"/usr/bin/env 'PYTHONPATH=/srv/deployment/analytics/refinery/python/' '/srv/deployment/wikimedia/discovery/analytics/environments/refinery/venv/bin/python' '/srv/deployment/analytics/refinery/bin/refinery-drop-older-than' --verbose --database=discovery '--tables=^(processed_external_sparql_query)$' --older-than=90 --allowed-interval=7 --execute=f676bbf2aa0b04a22e226700b93a8bbe"