"/usr/bin/env 'PYTHONPATH=/srv/deployment/analytics/refinery/python/' '/srv/deployment/wikimedia/discovery/analytics/environments/refinery/venv/bin/python' '/srv/deployment/analytics/refinery/bin/refinery-drop-older-than' --verbose --database=discovery '--tables=^(subgraph_qitems_match|subgraph_predicates_match|subgraph_uri_match|subgraph_queries)$' --older-than=90 --allowed-interval=7 --execute=f1da9a0f127ec19a147a150ba1495f92"