"/usr/bin/env 'PYTHONPATH=/srv/deployment/analytics/refinery/python/' '/srv/deployment/wikimedia/discovery/analytics/environments/refinery/venv/bin/python' '/srv/deployment/analytics/refinery/bin/refinery-drop-older-than' --verbose --database=glent '--tables=^(.*)$' --older-than=29 --execute=66e1a6a9afff6fa7a76e3b25f611287d"