"/usr/bin/env 'PYTHONPATH=/srv/deployment/analytics/refinery/python/' '/srv/deployment/wikimedia/discovery/analytics/environments/refinery/venv/bin/python' '/srv/deployment/analytics/refinery/bin/refinery-drop-older-than' --verbose --database=discovery '--tables=^(wikibase_rdf)$' --older-than=35 --allowed-interval=7 --execute=deaff5e72f68130db18eec1ba64a3952"