"/usr/bin/env 'PYTHONPATH=/srv/deployment/analytics/refinery/python/' '/srv/deployment/wikimedia/discovery/analytics/environments/refinery/venv/bin/python' '/srv/deployment/analytics/refinery/bin/refinery-drop-older-than' --verbose --database=mjolnir '--tables=^(feature_vectors|labeled_query_page|query_clicks_ltr|query_clustering)$' --older-than=15 --execute=fd1a8418fbe95f56beeaf0ddc5e81fbe"