"/usr/bin/env 'PYTHONPATH=/srv/deployment/analytics/refinery/python/' '/srv/deployment/wikimedia/discovery/analytics/environments/refinery/venv/bin/python' '/srv/deployment/analytics/refinery/bin/refinery-drop-older-than' --verbose --database=glent '--tables=^(.*)$' --older-than=29 --allowed-interval=7 --execute=9b7209e548e5d11e25b5a2af3ed09d4b"