"/usr/bin/env 'PYTHONPATH=/srv/deployment/analytics/refinery/python/' '/srv/deployment/wikimedia/discovery/analytics/environments/refinery/venv/bin/python' '/srv/deployment/analytics/refinery/bin/refinery-drop-older-than' --verbose --database=discovery '--tables=^(fulltext_head_queries)$' --older-than=6 --execute=bc4207e7033413997a69e3473b0d6f5f"