"/usr/bin/env 'PYTHONPATH=/srv/deployment/analytics/refinery/python/' '/srv/deployment/wikimedia/discovery/analytics/environments/refinery/venv/bin/python' '/srv/deployment/analytics/refinery/bin/refinery-drop-hive-partitions' --verbose --database=discovery --older-than-days=84 --tables=query_clicks_daily,query_clicks_hourly,search_satisfaction_daily,ores_articletopic,ores_scores_export,popularity_score,wikibase_item"