"/usr/bin/env 'PYTHONPATH=/srv/deployment/analytics/refinery/python/' '/srv/deployment/wikimedia/discovery/analytics/environments/refinery/venv/bin/python' '/srv/deployment/analytics/refinery/bin/refinery-drop-older-than' --verbose --database=discovery '--tables=^(fulltext_head_queries)$' --older-than=6 --allowed-interval=7 --execute=851be7cd8add879c762e50563a5de233"