"PYTHONPATH=/srv/deployment/analytics/refinery/python/ /srv/deployment/wikimedia/discovery/analytics/environments/refinery/venv/bin/python '/srv/deployment/analytics/refinery/bin/refinery-drop-hive-partitions' --verbose --database=mjolnir --older-than-days=15 --tables=feature_vectors,labeled_query_page,query_clicks_ltr,query_clustering"